// Jest Snapshot v1, https://goo.gl/fbAQLP

exports[`shallow a TextInput 1`] = `
<TextField
  label="test"
  onChange={[Function]}
  required={false}
  select={false}
  value=""
/>
`;
